Archive member included because of file (symbol)

contiki-micaz.a(broadcast.o)  gj_receive.co (broadcast_open)
contiki-micaz.a(abc.o)        contiki-micaz.a(broadcast.o) (abc_open)
contiki-micaz.a(channel.o)    contiki-micaz.a(abc.o) (channel_open)
contiki-micaz.a(list.o)       contiki-micaz.a(channel.o) (list_init)
contiki-micaz.a(etimer.o)     gj_receive.co (etimer_set)
contiki-micaz.a(random.o)     gj_receive.co (random_rand)
contiki-micaz.a(packetbuf.o)  gj_receive.co (packetbuf_dataptr)
contiki-micaz.a(contiki-micaz-m)
                              /usr/lib/gcc/avr/4.5.3/../../../avr/lib/avr51/crtm128.o (main)
contiki-micaz.a(init-net.o)   contiki-micaz.a(contiki-micaz-m) (init_net)
contiki-micaz.a(node-id.o)    contiki-micaz.a(contiki-micaz-m) (node_id_restore)
contiki-micaz.a(clock.o)      contiki-micaz.a(contiki-micaz-m) (clock_init)
contiki-micaz.a(ds2401.o)     contiki-micaz.a(contiki-micaz-m) (ds2401_init)
contiki-micaz.a(eeprom.o)     contiki-micaz.a(node-id.o) (eeprom_write)
contiki-micaz.a(leds.o)       contiki-micaz.a(contiki-micaz-m) (leds_init)
contiki-micaz.a(rimeaddr.o)   contiki-micaz.a(broadcast.o) (rimeaddr_copy)
contiki-micaz.a(rime.o)       contiki-micaz.a(abc.o) (rime_output)
contiki-micaz.a(announcement.o)
                              contiki-micaz.a(rime.o) (announcement_init)
contiki-micaz.a(broadcast-annou)
                              contiki-micaz.a(rime.o) (broadcast_announcement_init)
contiki-micaz.a(chameleon.o)  contiki-micaz.a(rime.o) (chameleon_init)
contiki-micaz.a(chameleon-bitop)
                              contiki-micaz.a(chameleon.o) (chameleon_bitopt)
contiki-micaz.a(cxmac.o)      contiki-micaz.a(init-net.o) (cxmac_driver)
contiki-micaz.a(mac.o)        contiki-micaz.a(cxmac.o) (mac_call_sent_callback)
contiki-micaz.a(framer-802154.o)
                              contiki-micaz.a(cxmac.o) (framer_802154)
contiki-micaz.a(csma.o)       contiki-micaz.a(init-net.o) (csma_driver)
contiki-micaz.a(process.o)    contiki-micaz.a(etimer.o) (process_current)
contiki-micaz.a(autostart.o)  contiki-micaz.a(contiki-micaz-m) (autostart_start)
contiki-micaz.a(compower.o)   contiki-micaz.a(cxmac.o) (compower_idle_activity)
contiki-micaz.a(memb.o)       contiki-micaz.a(cxmac.o) (memb_init)
contiki-micaz.a(timer.o)      contiki-micaz.a(etimer.o) (timer_set)
contiki-micaz.a(ctimer.o)     contiki-micaz.a(contiki-micaz-m) (ctimer_init)
contiki-micaz.a(energest.o)   contiki-micaz.a(compower.o) (energest_type_time)
contiki-micaz.a(rtimer.o)     contiki-micaz.a(contiki-micaz-m) (rtimer_init)
contiki-micaz.a(queuebuf.o)   contiki-micaz.a(rime.o) (queuebuf_init)
contiki-micaz.a(rs232.o)      contiki-micaz.a(contiki-micaz-m) (rs232_init)
contiki-micaz.a(leds-arch.o)  contiki-micaz.a(leds.o) (leds_arch_init)
contiki-micaz.a(cc2420.o)     contiki-micaz.a(init-net.o) (cc2420_set_pan_addr)
contiki-micaz.a(cc2420-arch.o)
                              contiki-micaz.a(cc2420.o) (cc2420_arch_init)
contiki-micaz.a(rtimer-arch.o)
                              contiki-micaz.a(rtimer.o) (rtimer_arch_init)
contiki-micaz.a(watchdog.o)   contiki-micaz.a(cxmac.o) (watchdog_start)
contiki-micaz.a(frame802154.o)
                              contiki-micaz.a(framer-802154.o) (frame802154_hdrlen)
contiki-micaz.a(spi.o)        contiki-micaz.a(cc2420-arch.o) (spi_init)
/usr/lib/gcc/avr/4.5.3/avr51/libgcc.a(_udivmodhi4.o)
                              contiki-micaz.a(init-net.o) (__udivmodhi4)
/usr/lib/gcc/avr/4.5.3/avr51/libgcc.a(_exit.o)
                              /usr/lib/gcc/avr/4.5.3/../../../avr/lib/avr51/crtm128.o (exit)
/usr/lib/gcc/avr/4.5.3/avr51/libgcc.a(_copy_data.o)
                              gj_receive.co (__do_copy_data)
/usr/lib/gcc/avr/4.5.3/avr51/libgcc.a(_clear_bss.o)
                              gj_receive.co (__do_clear_bss)
/usr/lib/gcc/avr/4.5.3/../../../avr/lib/avr51/libc.a(rand.o)
                              contiki-micaz.a(random.o) (rand)
/usr/lib/gcc/avr/4.5.3/../../../avr/lib/avr51/libc.a(memcmp.o)
                              contiki-micaz.a(rimeaddr.o) (memcmp)
/usr/lib/gcc/avr/4.5.3/../../../avr/lib/avr51/libc.a(memcpy.o)
                              contiki-micaz.a(packetbuf.o) (memcpy)
/usr/lib/gcc/avr/4.5.3/../../../avr/lib/avr51/libc.a(memset.o)
                              contiki-micaz.a(chameleon-bitop) (memset)
/usr/lib/gcc/avr/4.5.3/../../../avr/lib/avr51/libc.a(iob.o)
                              contiki-micaz.a(rs232.o) (__iob)
/usr/lib/gcc/avr/4.5.3/../../../avr/lib/avr51/libc.a(printf.o)
                              gj_receive.co (printf)
/usr/lib/gcc/avr/4.5.3/../../../avr/lib/avr51/libc.a(printf_p.o)
                              contiki-micaz.a(contiki-micaz-m) (printf_P)
/usr/lib/gcc/avr/4.5.3/../../../avr/lib/avr51/libc.a(vfprintf_std.o)
                              /usr/lib/gcc/avr/4.5.3/../../../avr/lib/avr51/libc.a(printf.o) (vfprintf)
/usr/lib/gcc/avr/4.5.3/../../../avr/lib/avr51/libc.a(eerd_block_atmega128.o)
[...]
Memory Configuration

Name             Origin             Length             Attributes
text             0x00000000         0x00020000         xr
data             0x00800100         0x0000ff00         rw !x
eeprom           0x00810000         0x00010000         rw !x
fuse             0x00820000         0x00000400         rw !x
lock             0x00830000         0x00000400         rw !x
signature        0x00840000         0x00000400         rw !x
*default*        0x00000000         0xffffffff

Linker script and memory map

Address of section .data set to 0x800100
LOAD /usr/lib/gcc/avr/4.5.3/../../../avr/lib/avr51/crtm128.o
Address of section .bootloader set to 0x1f800
LOAD gj_receive.co
LOAD symbols.o
LOAD contiki-micaz.a
LOAD /usr/lib/gcc/avr/4.5.3/avr51/libgcc.a
LOAD /usr/lib/gcc/avr/4.5.3/../../../avr/lib/avr51/libc.a
LOAD /usr/lib/gcc/avr/4.5.3/avr51/libgcc.a

.hash
 *(.hash)

.dynsym
 *(.dynsym)

.dynstr
 *(.dynstr)

.gnu.version
 *(.gnu.version)

.gnu.version_d
 *(.gnu.version_d)

.gnu.version_r
 *(.gnu.version_r)

.rel.init
 *(.rel.init)

.rela.init
 *(.rela.init)

.rel.text
 *(.rel.text)
 *(.rel.text.*)
 *(.rel.gnu.linkonce.t*)

.rela.text
 *(.rela.text)
 *(.rela.text.*)
 *(.rela.gnu.linkonce.t*)

.rel.fini
 *(.rel.fini)

.rela.fini
 *(.rela.fini)

.rel.rodata
 *(.rel.rodata)
 *(.rel.rodata.*)
 *(.rel.gnu.linkonce.r*)

.rela.rodata
 *(.rela.rodata)
 *(.rela.rodata.*)
 *(.rela.gnu.linkonce.r*)

.rel.data
 *(.rel.data)
 *(.rel.data.*)
 *(.rel.gnu.linkonce.d*)

.rela.data
 *(.rela.data)
 *(.rela.data.*)
 *(.rela.gnu.linkonce.d*)

.rel.ctors
 *(.rel.ctors)

.rela.ctors
 *(.rela.ctors)

.rel.dtors
 *(.rel.dtors)

.rela.dtors
 *(.rela.dtors)

.rel.got
 *(.rel.got)

.rela.got
 *(.rela.got)

.rel.bss
 *(.rel.bss)

.rela.bss
 *(.rela.bss)

.rel.plt
 *(.rel.plt)

.rela.plt
 *(.rela.plt)

.text           0x00000000     0x49fc
 *(.vectors)
 .vectors       0x00000000       0x8c /usr/lib/gcc/avr/4.5.3/../../../avr/lib/avr51/crtm128.o
                0x00000000                __vectors
                0x00000000                __vector_default
 *(.vectors)
 *(.progmem.gcc*)
 *(.progmem*)
 .progmem.data  0x0000008c       0x21 contiki-micaz.a(contiki-micaz-m)
 .progmem.data  0x000000ad       0x83 contiki-micaz.a(init-net.o)
                0x00000130                . = ALIGN (0x2)
                0x00000130                __trampolines_start = .
 *(.trampolines)
 .trampolines   0x00000130        0x0 linker stubs
 *(.trampolines*)
                0x00000130                __trampolines_end = .
 *(.jumptables)
 *(.jumptables*)
 *(.lowtext)
 *(.lowtext*)
                0x00000130                __ctors_start = .
 *(.ctors)
                0x00000130                __ctors_end = .
                0x00000130                __dtors_start = .
 *(.dtors)
                0x00000130                __dtors_end = .
 SORT(*)(.ctors)
 SORT(*)(.dtors)
 *(.init0)
 .init0         0x00000130        0x0 /usr/lib/gcc/avr/4.5.3/../../../avr/lib/avr51/crtm128.o
                0x00000130                __init
 *(.init0)
 *(.init1)
 *(.init1)
 *(.init2)
 .init2         0x00000130        0xc /usr/lib/gcc/avr/4.5.3/../../../avr/lib/avr51/crtm128.o
 *(.init2)
 *(.init3)
 *(.init3)
 *(.init4)
 .init4         0x0000013c       0x1a /usr/lib/gcc/avr/4.5.3/avr51/libgcc.a(_copy_data.o)
                0x0000013c                __do_copy_data
 .init4         0x00000156       0x10 /usr/lib/gcc/avr/4.5.3/avr51/libgcc.a(_clear_bss.o)
                0x00000156                __do_clear_bss
 *(.init4)
 *(.init5)
 *(.init5)
 *(.init6)
 *(.init6)
 *(.init7)
 *(.init7)
 *(.init8)
 *(.init8)
 *(.init9)
 .init9         0x00000166        0x8 /usr/lib/gcc/avr/4.5.3/../../../avr/lib/avr51/crtm128.o
 *(.init9)
 *(.text)
 .text          0x0000016e        0x4 /usr/lib/gcc/avr/4.5.3/../../../avr/lib/avr51/crtm128.o
                0x0000016e                __vector_22
                0x0000016e                __vector_28
                0x0000016e                __vector_1
                0x0000016e                __vector_32
                0x0000016e                __vector_34
                0x0000016e                __vector_24
                0x0000016e                __vector_12
                0x0000016e                __bad_interrupt
                0x0000016e                __vector_6
                0x0000016e                __vector_31
                0x0000016e                __vector_3
                0x0000016e                __vector_23
                0x0000016e                __vector_25
                0x0000016e                __vector_11
                0x0000016e                __vector_13
                0x0000016e                __vector_17
                0x0000016e                __vector_19
                0x0000016e                __vector_27
                0x0000016e                __vector_5
                0x0000016e                __vector_33
                0x0000016e                __vector_4
                0x0000016e                __vector_9
                0x0000016e                __vector_2
                0x0000016e                __vector_21
                0x0000016e                __vector_29
                0x0000016e                __vector_8
                0x0000016e                __vector_14
                0x0000016e                __vector_10
                0x0000016e                __vector_16
                0x0000016e                __vector_20
                0x00000172                . = ALIGN (0x2)
 *(.text.*)
 .text.process_thread_gj_receive
                0x00000172       0x6e gj_receive.co
 .text.broadcast_recv
                0x000001e0       0xc2 gj_receive.co
 .text.sent_by_abc
                0x000002a2       0x18 contiki-micaz.a(broadcast.o)
 .text.recv_from_abc
                0x000002ba       0x52 contiki-micaz.a(broadcast.o)
 .text.broadcast_open
                0x0000030c       0x36 contiki-micaz.a(broadcast.o)
                0x0000030c                broadcast_open
 .text.broadcast_close
                0x00000342        0x6 contiki-micaz.a(broadcast.o)
                0x00000342                broadcast_close
 .text.broadcast_send
                0x00000348       0x1e contiki-micaz.a(broadcast.o)
                0x00000348                broadcast_send
 .text.abc_open
                0x00000366       0x32 contiki-micaz.a(abc.o)
                0x00000366                abc_open
 .text.abc_close
                0x00000398        0x6 contiki-micaz.a(abc.o)
                0x00000398                abc_close
 .text.abc_send
                0x0000039e        0x6 contiki-micaz.a(abc.o)
                0x0000039e                abc_send
 .text.abc_input
                0x000003a4       0x18 contiki-micaz.a(abc.o)
                0x000003a4                abc_input
 .text.abc_sent
                0x000003bc       0x18 contiki-micaz.a(abc.o)
                0x000003bc                abc_sent
 .text.channel_init
                0x000003d4        0xa contiki-micaz.a(channel.o)
                0x000003d4                channel_init
 .text.channel_open
                0x000003de       0x12 contiki-micaz.a(channel.o)
                0x000003de                channel_open
 .text.channel_close
                0x000003f0        0xc contiki-micaz.a(channel.o)
                0x000003f0                channel_close
 .text.channel_lookup
                0x000003fc       0x30 contiki-micaz.a(channel.o)
                0x000003fc                channel_lookup
 .text.channel_set_attributes
                0x0000042c       0x2a contiki-micaz.a(channel.o)
                0x0000042c                channel_set_attributes
 .text.list_init
                0x00000456        0x8 contiki-micaz.a(list.o)
                0x00000456                list_init
 .text.list_head
                0x0000045e        0x8 contiki-micaz.a(list.o)
                0x0000045e                list_head
 .text.list_tail
                0x00000466       0x24 contiki-micaz.a(list.o)
                0x00000466                list_tail
 .text.list_remove
                0x0000048a       0x4a contiki-micaz.a(list.o)
                0x0000048a                list_remove
 .text.list_push
                0x000004d4       0x28 contiki-micaz.a(list.o)
                0x000004d4                list_push
 .text.list_add
                0x000004fc       0x3e contiki-micaz.a(list.o)
                0x000004fc                list_add
 .text.list_length
                0x0000053a       0x20 contiki-micaz.a(list.o)
                0x0000053a                list_length
 .text.list_item_next
                0x0000055a       0x14 contiki-micaz.a(list.o)
                0x0000055a                list_item_next
 .text.update_time
                0x0000056e       0x64 contiki-micaz.a(etimer.o)
 .text.etimer_request_poll
                0x000005d2        0xa contiki-micaz.a(etimer.o)
                0x000005d2                etimer_request_poll
 .text.process_thread_etimer_process
                0x000005dc      0x11a contiki-micaz.a(etimer.o)
 .text.add_timer
                0x000006f6       0x64 contiki-micaz.a(etimer.o)
 .text.etimer_set
                0x0000075a       0x16 contiki-micaz.a(etimer.o)
                0x0000075a                etimer_set
 .text.etimer_expired
                0x00000770       0x16 contiki-micaz.a(etimer.o)
                0x00000770                etimer_expired
 .text.etimer_pending
                0x00000786       0x18 contiki-micaz.a(etimer.o)
                0x00000786                etimer_pending
 .text.etimer_stop
                0x0000079e       0x50 contiki-micaz.a(etimer.o)
                0x0000079e                etimer_stop
 .text.random_init
                0x000007ee        0x6 contiki-micaz.a(random.o)
                0x000007ee                random_init
 .text.random_rand
                0x000007f4        0x6 contiki-micaz.a(random.o)
                0x000007f4                random_rand
 .text.packetbuf_copyto_hdr
                0x000007fa       0x2e contiki-micaz.a(packetbuf.o)
                0x000007fa                packetbuf_copyto_hdr
 .text.packetbuf_copyto
                0x00000828       0x88 contiki-micaz.a(packetbuf.o)
                0x00000828                packetbuf_copyto
 .text.packetbuf_hdrreduce
                0x000008b0       0x3e contiki-micaz.a(packetbuf.o)
                0x000008b0                packetbuf_hdrreduce
 .text.packetbuf_set_datalen
                0x000008ee        0xa contiki-micaz.a(packetbuf.o)
                0x000008ee                packetbuf_set_datalen
 .text.packetbuf_dataptr
                0x000008f8       0x10 contiki-micaz.a(packetbuf.o)
                0x000008f8                packetbuf_dataptr
 .text.packetbuf_hdrptr
                0x00000908        0xe contiki-micaz.a(packetbuf.o)
                0x00000908                packetbuf_hdrptr
 .text.packetbuf_is_reference
                0x00000916       0x1c contiki-micaz.a(packetbuf.o)
                0x00000916                packetbuf_is_reference
 .text.packetbuf_compact
                0x00000932       0x60 contiki-micaz.a(packetbuf.o)
                0x00000932                packetbuf_compact
 .text.packetbuf_reference_ptr
                0x00000992        0xa contiki-micaz.a(packetbuf.o)
                0x00000992                packetbuf_reference_ptr
 .text.packetbuf_datalen
                0x0000099c        0xa contiki-micaz.a(packetbuf.o)
                0x0000099c                packetbuf_datalen
 .text.packetbuf_totlen
                0x000009a6       0x18 contiki-micaz.a(packetbuf.o)
                0x000009a6                packetbuf_totlen
 .text.packetbuf_hdralloc
                0x000009be       0x3e contiki-micaz.a(packetbuf.o)
                0x000009be                packetbuf_hdralloc
 .text.packetbuf_attr_clear
                0x000009fc       0x38 contiki-micaz.a(packetbuf.o)
                0x000009fc                packetbuf_attr_clear
 .text.packetbuf_clear
                0x00000a34       0x28 contiki-micaz.a(packetbuf.o)
                0x00000a34                packetbuf_clear
 .text.packetbuf_copyfrom
                0x00000a5c       0x66 contiki-micaz.a(packetbuf.o)
                0x00000a5c                packetbuf_copyfrom
 .text.packetbuf_attr_copyto
                0x00000ac2       0x2a contiki-micaz.a(packetbuf.o)
                0x00000ac2                packetbuf_attr_copyto
 .text.packetbuf_attr_copyfrom
                0x00000aec       0x2a contiki-micaz.a(packetbuf.o)
                0x00000aec                packetbuf_attr_copyfrom
 .text.init_usart
                0x00000b16       0x12 contiki-micaz.a(contiki-micaz-m)
                0x00000b16                init_usart
 .text.main     0x00000b28       0x92 contiki-micaz.a(contiki-micaz-m)
                0x00000b28                main
 .text.init_net
                0x00000bba      0x206 contiki-micaz.a(init-net.o)
                0x00000bba                init_net
 .text.node_id_restore
                0x00000dc0       0x58 contiki-micaz.a(node-id.o)
                0x00000dc0                node_id_restore
 .text.__vector_15
                0x00000e18       0xb8 contiki-micaz.a(clock.o)
                0x00000e18                __vector_15
 .text.clock_init
                0x00000ed0       0x38 contiki-micaz.a(clock.o)
                0x00000ed0                clock_init
 .text.clock_time
                0x00000f08       0x1a contiki-micaz.a(clock.o)
                0x00000f08                clock_time
 .text.clock_delay
                0x00000f22       0x16 contiki-micaz.a(clock.o)
                0x00000f22                clock_delay
 .text.read_byte
                0x00000f38       0x42 contiki-micaz.a(ds2401.o)
 .text.crc8_add
                0x00000f7a       0x28 contiki-micaz.a(ds2401.o)
 .text.ds2401_init
                0x00000fa2      0x126 contiki-micaz.a(ds2401.o)
                0x00000fa2                ds2401_init
 .text.eeprom_read
                0x000010c8       0x10 contiki-micaz.a(eeprom.o)
                0x000010c8                eeprom_read
 .text.show_leds.clone.0
                0x000010d8       0x10 contiki-micaz.a(leds.o)
 .text.leds_init
                0x000010e8        0xe contiki-micaz.a(leds.o)
                0x000010e8                leds_init
 .text.leds_on  0x000010f6       0x10 contiki-micaz.a(leds.o)
                0x000010f6                leds_on
 .text.leds_off
                0x00001106       0x12 contiki-micaz.a(leds.o)
                0x00001106                leds_off
 .text.rimeaddr_copy
                0x00001118        0xe contiki-micaz.a(rimeaddr.o)
                0x00001118                rimeaddr_copy
 .text.rimeaddr_cmp
                0x00001126       0x18 contiki-micaz.a(rimeaddr.o)
                0x00001126                rimeaddr_cmp
 .text.rimeaddr_set_node_addr
                0x0000113e        0xc contiki-micaz.a(rimeaddr.o)
                0x0000113e                rimeaddr_set_node_addr
 .text.input    0x0000114a       0x4c contiki-micaz.a(rime.o)
 .text.init     0x00001196       0x26 contiki-micaz.a(rime.o)
 .text.packet_sent
                0x000011bc       0x5e contiki-micaz.a(rime.o)
 .text.rime_output
                0x0000121a       0x34 contiki-micaz.a(rime.o)
                0x0000121a                rime_output
 .text.announcement_init
                0x0000124e        0xa contiki-micaz.a(announcement.o)
                0x0000124e                announcement_init
 .text.announcement_register_observer_callback
                0x00001258        0xa contiki-micaz.a(announcement.o)
                0x00001258                announcement_register_observer_callback
 .text.announcement_list
                0x00001262        0xa contiki-micaz.a(announcement.o)
                0x00001262                announcement_list
 .text.announcement_heard
                0x0000126c       0x5e contiki-micaz.a(announcement.o)
                0x0000126c                announcement_heard
 .text.adv_packet_sent
                0x000012ca        0x2 contiki-micaz.a(broadcast-annou)
 .text.adv_packet_received
                0x000012cc       0x84 contiki-micaz.a(broadcast-annou)
 .text.set_timers
                0x00001350       0x46 contiki-micaz.a(broadcast-annou)
 .text.new_announcement
                0x00001396       0x1e contiki-micaz.a(broadcast-annou)
 .text.send_timer
                0x000013b4       0x2a contiki-micaz.a(broadcast-annou)
 .text.send_adv
                0x000013de       0xa8 contiki-micaz.a(broadcast-annou)
 .text.broadcast_announcement_init
                0x00001486       0x50 contiki-micaz.a(broadcast-annou)
                0x00001486                broadcast_announcement_init
 .text.chameleon_init
                0x000014d6        0x6 contiki-micaz.a(chameleon.o)
                0x000014d6                chameleon_init
 .text.chameleon_parse
                0x000014dc       0x20 contiki-micaz.a(chameleon.o)
                0x000014dc                chameleon_parse
 .text.chameleon_create
                0x000014fc       0x30 contiki-micaz.a(chameleon.o)
                0x000014fc                chameleon_create
 .text.chameleon_hdrsize
                0x0000152c        0xc contiki-micaz.a(chameleon.o)
                0x0000152c                chameleon_hdrsize
 .text.header_size
                0x00001538       0x1a contiki-micaz.a(chameleon-bitop)
 .text.get_bits_in_byte
                0x00001552       0x3e contiki-micaz.a(chameleon-bitop)
                0x00001552                get_bits_in_byte
 .text.get_bits
                0x00001590       0xda contiki-micaz.a(chameleon-bitop)
                0x00001590                get_bits
 .text.unpack_header
                0x0000166a      0x154 contiki-micaz.a(chameleon-bitop)
 .text.set_bits_in_byte
                0x000017be       0x28 contiki-micaz.a(chameleon-bitop)
                0x000017be                set_bits_in_byte
 .text.set_bits
                0x000017e6      0x100 contiki-micaz.a(chameleon-bitop)
                0x000017e6                set_bits
 .text.pack_header
                0x000018e6      0x124 contiki-micaz.a(chameleon-bitop)
 .text.on       0x00001a0a       0x22 contiki-micaz.a(cxmac.o)
 .text.off      0x00001a2c       0x28 contiki-micaz.a(cxmac.o)
 .text.turn_off
                0x00001a54       0x20 contiki-micaz.a(cxmac.o)
 .text.channel_check_interval
                0x00001a74        0x6 contiki-micaz.a(cxmac.o)
 .text.cschedule_powercycle
                0x00001a7a       0x26 contiki-micaz.a(cxmac.o)
 .text.turn_on  0x00001aa0       0x14 contiki-micaz.a(cxmac.o)
 .text.powercycle_turn_radio_off
                0x00001ab4       0x1e contiki-micaz.a(cxmac.o)
 .text.cpowercycle
                0x00001ad2       0xe4 contiki-micaz.a(cxmac.o)
 .text.input_packet
                0x00001bb6      0x11e contiki-micaz.a(cxmac.o)
 .text.qsend_packet
                0x00001cd4      0x4e0 contiki-micaz.a(cxmac.o)
 .text.qsend_list
                0x000021b4       0x2e contiki-micaz.a(cxmac.o)
 .text.cxmac_init
                0x000021e2       0x30 contiki-micaz.a(cxmac.o)
                0x000021e2                cxmac_init
 .text.mac_call_sent_callback
                0x00002212       0x10 contiki-micaz.a(mac.o)
                0x00002212                mac_call_sent_callback
 .text.parse    0x00002222       0xde contiki-micaz.a(framer-802154.o)
 .text.create   0x00002300      0x12e contiki-micaz.a(framer-802154.o)
 .text.default_timebase
                0x0000242e       0x18 contiki-micaz.a(csma.o)
 .text.input_packet
                0x00002446        0xc contiki-micaz.a(csma.o)
 .text.on       0x00002452        0xc contiki-micaz.a(csma.o)
 .text.off      0x0000245e        0xc contiki-micaz.a(csma.o)
 .text.channel_check_interval
                0x0000246a       0x1a contiki-micaz.a(csma.o)
 .text.transmit_packet_list
                0x00002484       0x3e contiki-micaz.a(csma.o)
 .text.send_packet
                0x000024c2      0x1bc contiki-micaz.a(csma.o)
 .text.free_packet
                0x0000267e       0x8c contiki-micaz.a(csma.o)
 .text.packet_sent
                0x0000270a      0x15c contiki-micaz.a(csma.o)
 .text.init     0x00002866       0x1a contiki-micaz.a(csma.o)
 .text.call_process
                0x00002880       0x52 contiki-micaz.a(process.o)
 .text.exit_process
                0x000028d2       0xd8 contiki-micaz.a(process.o)
 .text.do_poll  0x000029aa       0x3e contiki-micaz.a(process.o)
 .text.process_init
                0x000029e8       0x24 contiki-micaz.a(process.o)
                0x000029e8                process_init
 .text.process_run
                0x00002a0c       0xd2 contiki-micaz.a(process.o)
                0x00002a0c                process_run
 .text.process_post
                0x00002ade       0x56 contiki-micaz.a(process.o)
                0x00002ade                process_post
 .text.process_post_synch
                0x00002b34       0x1e contiki-micaz.a(process.o)
                0x00002b34                process_post_synch
 .text.process_start
                0x00002b52       0x46 contiki-micaz.a(process.o)
                0x00002b52                process_start
 .text.process_poll
                0x00002b98       0x18 contiki-micaz.a(process.o)
                0x00002b98                process_poll
 .text.autostart_start
                0x00002bb0       0x2e contiki-micaz.a(autostart.o)
                0x00002bb0                autostart_start
 .text.compower_accumulate
                0x00002bde       0xb8 contiki-micaz.a(compower.o)
                0x00002bde                compower_accumulate
 .text.compower_clear
                0x00002c96       0x14 contiki-micaz.a(compower.o)
                0x00002c96                compower_clear
 .text.compower_attrconv
                0x00002caa       0x34 contiki-micaz.a(compower.o)
                0x00002caa                compower_attrconv
 .text.memb_init
                0x00002cde       0x40 contiki-micaz.a(memb.o)
                0x00002cde                memb_init
 .text.memb_alloc
                0x00002d1e       0x4c contiki-micaz.a(memb.o)
                0x00002d1e                memb_alloc
 .text.memb_free
                0x00002d6a       0x4a contiki-micaz.a(memb.o)
                0x00002d6a                memb_free
 .text.memb_inmemb
                0x00002db4       0x3a contiki-micaz.a(memb.o)
                0x00002db4                memb_inmemb
 .text.timer_set
                0x00002dee       0x18 contiki-micaz.a(timer.o)
                0x00002dee                timer_set
 .text.timer_expired
                0x00002e06       0x2e contiki-micaz.a(timer.o)
                0x00002e06                timer_expired
 .text.process_thread_ctimer_process
                0x00002e34       0xe6 contiki-micaz.a(ctimer.o)
 .text.ctimer_init
                0x00002f1a       0x1a contiki-micaz.a(ctimer.o)
                0x00002f1a                ctimer_init
 .text.ctimer_set
                0x00002f34       0x66 contiki-micaz.a(ctimer.o)
                0x00002f34                ctimer_set
 .text.ctimer_stop
                0x00002f9a       0x30 contiki-micaz.a(ctimer.o)
                0x00002f9a                ctimer_stop
 .text.energest_type_time
                0x00002fca        0x8 contiki-micaz.a(energest.o)
                0x00002fca                energest_type_time
 .text.energest_flush
                0x00002fd2        0x2 contiki-micaz.a(energest.o)
                0x00002fd2                energest_flush
 .text.rtimer_init
                0x00002fd4        0x6 contiki-micaz.a(rtimer.o)
                0x00002fd4                rtimer_init
 .text.rtimer_run_next
                0x00002fda       0x3e contiki-micaz.a(rtimer.o)
                0x00002fda                rtimer_run_next
 .text.queuebuf_init
                0x00003018       0x1a contiki-micaz.a(queuebuf.o)
                0x00003018                queuebuf_init
 .text.queuebuf_new_from_packetbuf
                0x00003032       0x9e contiki-micaz.a(queuebuf.o)
                0x00003032                queuebuf_new_from_packetbuf
 .text.queuebuf_update_attr_from_packetbuf
                0x000030d0       0x16 contiki-micaz.a(queuebuf.o)
                0x000030d0                queuebuf_update_attr_from_packetbuf
 .text.queuebuf_free
                0x000030e6       0x44 contiki-micaz.a(queuebuf.o)
                0x000030e6                queuebuf_free
 .text.queuebuf_to_packetbuf
                0x0000312a       0x7c contiki-micaz.a(queuebuf.o)
                0x0000312a                queuebuf_to_packetbuf
 .text.queuebuf_attr
                0x000031a6       0x1c contiki-micaz.a(queuebuf.o)
                0x000031a6                queuebuf_attr
 .text.__vector_18
                0x000031c2       0x5c contiki-micaz.a(rs232.o)
                0x000031c2                __vector_18
 .text.__vector_30
                0x0000321e       0x5e contiki-micaz.a(rs232.o)
                0x0000321e                __vector_30
 .text.rs232_init
                0x0000327c       0x3c contiki-micaz.a(rs232.o)
                0x0000327c                rs232_init
 .text.rs232_send
                0x000032b8       0x1e contiki-micaz.a(rs232.o)
                0x000032b8                rs232_send
 .text.rs232_stdout_putchar
                0x000032d6       0x2a contiki-micaz.a(rs232.o)
                0x000032d6                rs232_stdout_putchar
 .text.rs232_redirect_stdout
                0x00003300       0x12 contiki-micaz.a(rs232.o)
                0x00003300                rs232_redirect_stdout
 .text.leds_arch_init
                0x00003312        0xe contiki-micaz.a(leds-arch.o)
                0x00003312                leds_arch_init
 .text.leds_arch_set
                0x00003320       0x28 contiki-micaz.a(leds-arch.o)
                0x00003320                leds_arch_set
 .text.strobe   0x00003348        0xc contiki-micaz.a(cc2420.o)
 .text.status   0x00003354       0x10 contiki-micaz.a(cc2420.o)
 .text.on       0x00003364       0x42 contiki-micaz.a(cc2420.o)
 .text.getreg   0x000033a6       0x2c contiki-micaz.a(cc2420.o)
 .text.setreg   0x000033d2       0x1e contiki-micaz.a(cc2420.o)
 .text.set_txpower
                0x000033f0       0x28 contiki-micaz.a(cc2420.o)
 .text.cc2420_receiving_packet
                0x00003418       0x10 contiki-micaz.a(cc2420.o)
 .text.pending_packet
                0x00003428       0x10 contiki-micaz.a(cc2420.o)
 .text.flushrx  0x00003438       0x38 contiki-micaz.a(cc2420.o)
 .text.off      0x00003470       0x48 contiki-micaz.a(cc2420.o)
 .text.RELEASE_LOCK
                0x000034b8       0x34 contiki-micaz.a(cc2420.o)
 .text.cc2420_prepare
                0x000034ec       0x70 contiki-micaz.a(cc2420.o)
 .text.cc2420_on
                0x0000355c       0x2c contiki-micaz.a(cc2420.o)
                0x0000355c                cc2420_on
 .text.cc2420_off
                0x00003588       0x3e contiki-micaz.a(cc2420.o)
                0x00003588                cc2420_off
 .text.cc2420_cca
                0x000035c6       0x9c contiki-micaz.a(cc2420.o)
 .text.getrxdata
                0x00003662       0x38 contiki-micaz.a(cc2420.o)
 .text.cc2420_read
                0x0000369a       0xfa contiki-micaz.a(cc2420.o)
 .text.process_thread_cc2420_process
                0x00003794       0x66 contiki-micaz.a(cc2420.o)
 .text.cc2420_set_channel
                0x000037fa       0xa0 contiki-micaz.a(cc2420.o)
                0x000037fa                cc2420_set_channel
 .text.cc2420_set_pan_addr
                0x0000389a      0x114 contiki-micaz.a(cc2420.o)
                0x0000389a                cc2420_set_pan_addr
 .text.cc2420_interrupt
                0x000039ae       0x3e contiki-micaz.a(cc2420.o)
                0x000039ae                cc2420_interrupt
 .text.cc2420_get_txpower
                0x000039ec       0x30 contiki-micaz.a(cc2420.o)
                0x000039ec                cc2420_get_txpower
 .text.cc2420_transmit
                0x00003a1c      0x160 contiki-micaz.a(cc2420.o)
 .text.cc2420_send
                0x00003b7c       0x16 contiki-micaz.a(cc2420.o)
 .text.cc2420_set_cca_threshold
                0x00003b92       0x1c contiki-micaz.a(cc2420.o)
                0x00003b92                cc2420_set_cca_threshold
 .text.cc2420_init
                0x00003bae       0xd0 contiki-micaz.a(cc2420.o)
                0x00003bae                cc2420_init
 .text.cc2420_arch_init
                0x00003c7e       0x1e contiki-micaz.a(cc2420-arch.o)
                0x00003c7e                cc2420_arch_init
 .text.__vector_7
                0x00003c9c       0x50 contiki-micaz.a(cc2420-arch.o)
                0x00003c9c                __vector_7
 .text.__vector_26
                0x00003cec       0x5a contiki-micaz.a(rtimer-arch.o)
                0x00003cec                __vector_26
 .text.rtimer_arch_init
                0x00003d46       0x38 contiki-micaz.a(rtimer-arch.o)
                0x00003d46                rtimer_arch_init
 .text.rtimer_arch_schedule
                0x00003d7e       0x24 contiki-micaz.a(rtimer-arch.o)
                0x00003d7e                rtimer_arch_schedule
 .text.watchdog_start
                0x00003da2       0x14 contiki-micaz.a(watchdog.o)
                0x00003da2                watchdog_start
 .text.watchdog_stop
                0x00003db6        0xe contiki-micaz.a(watchdog.o)
                0x00003db6                watchdog_stop
 .text.field_len
                0x00003dc4       0xb2 contiki-micaz.a(frame802154.o)
 .text.frame802154_hdrlen
                0x00003e76       0x4a contiki-micaz.a(frame802154.o)
                0x00003e76                frame802154_hdrlen
 .text.frame802154_create
                0x00003ec0      0x1c8 contiki-micaz.a(frame802154.o)
                0x00003ec0                frame802154_create
 .text.frame802154_parse
                0x00004088      0x1a0 contiki-micaz.a(frame802154.o)
                0x00004088                frame802154_parse
 .text.spi_init
                0x00004228       0x16 contiki-micaz.a(spi.o)
                0x00004228                spi_init
 .text.libgcc   0x0000423e       0x28 /usr/lib/gcc/avr/4.5.3/avr51/libgcc.a(_udivmodhi4.o)
                0x0000423e                __udivmodhi4
 .text.avr-libc
                0x00004266       0xbc /usr/lib/gcc/avr/4.5.3/../../../avr/lib/avr51/libc.a(rand.o)
                0x000042fc                rand_r
                0x00004302                rand
                0x0000430c                srand
 .text.avr-libc
                0x00004322       0x1a /usr/lib/gcc/avr/4.5.3/../../../avr/lib/avr51/libc.a(memcmp.o)
                0x00004322                memcmp
 .text.avr-libc
                0x0000433c       0x12 /usr/lib/gcc/avr/4.5.3/../../../avr/lib/avr51/libc.a(memcpy.o)
                0x0000433c                memcpy
 .text.avr-libc
                0x0000434e        0xe /usr/lib/gcc/avr/4.5.3/../../../avr/lib/avr51/libc.a(memset.o)
                0x0000434e                memset
 .text.avr-libc
                0x0000435c       0x24 /usr/lib/gcc/avr/4.5.3/../../../avr/lib/avr51/libc.a(printf.o)
                0x0000435c                printf
 .text.avr-libc
                0x00004380       0x40 /usr/lib/gcc/avr/4.5.3/../../../avr/lib/avr51/libc.a(printf_p.o)
                0x00004380                printf_P
 .text.avr-libc
                0x000043c0      0x420 /usr/lib/gcc/avr/4.5.3/../../../avr/lib/avr51/libc.a(vfprintf_std.o)
                0x000043c0                vfprintf
 .text.avr-libc
                0x000047e0       0x20 /usr/lib/gcc/avr/4.5.3/../../../avr/lib/avr51/libc.a(eerd_block_atmega128.o)
                0x000047e0                __eerd_block_m128
                0x000047e4                __eerd_blraw_m128
 .text.avr-libc
                0x00004800       0x16 /usr/lib/gcc/avr/4.5.3/../../../avr/lib/avr51/libc.a(strnlen_P.o)
                0x00004800                strnlen_P
 .text.avr-libc
                0x00004816       0x16 /usr/lib/gcc/avr/4.5.3/../../../avr/lib/avr51/libc.a(strnlen.o)
                0x00004816                strnlen
 .text.avr-libc
                0x0000482c       0x58 /usr/lib/gcc/avr/4.5.3/../../../avr/lib/avr51/libc.a(fputc.o)
                0x0000482c                fputc
 .text.avr-libc
                0x00004884       0xbc /usr/lib/gcc/avr/4.5.3/../../../avr/lib/avr51/libc.a(ultoa_invert.o)
                0x00004884                __ultoa_invert
 .text.libgcc   0x00004940       0x3e /usr/lib/gcc/avr/4.5.3/avr51/libgcc.a(_mulsi3.o)
                0x00004940                __mulsi3
 .text.libgcc   0x0000497e       0x36 /usr/lib/gcc/avr/4.5.3/avr51/libgcc.a(_divmodsi4.o)
                0x0000497e                __divmodsi4
 .text.libgcc   0x000049b4       0x44 /usr/lib/gcc/avr/4.5.3/avr51/libgcc.a(_udivmodsi4.o)
                0x000049b4                __udivmodsi4
                0x000049f8                . = ALIGN (0x2)
 *(.fini9)
 .fini9         0x000049f8        0x0 /usr/lib/gcc/avr/4.5.3/avr51/libgcc.a(_exit.o)
                0x000049f8                exit
                0x000049f8                _exit
 *(.fini9)
 *(.fini8)
 *(.fini8)
 *(.fini7)
 *(.fini7)
 *(.fini6)
 *(.fini6)
 *(.fini5)
 *(.fini5)
 *(.fini4)
 *(.fini4)
 *(.fini3)
 *(.fini3)
 *(.fini2)
 *(.fini2)
 *(.fini1)
 *(.fini1)
 *(.fini0)
 .fini0         0x000049f8        0x4 /usr/lib/gcc/avr/4.5.3/avr51/libgcc.a(_exit.o)
 *(.fini0)
                0x000049fc                _etext = .

.data           0x00800100      0x124 load address 0x000049fc
                0x00800100                PROVIDE (__data_start, .)
 *(.data)
 .data          0x00800100       0x3c gj_receive.co
 .data          0x0080013c        0x5 contiki-micaz.a(rime.o)
 .data          0x00800141        0x7 contiki-micaz.a(cxmac.o)
 .data          0x00800148        0x5 contiki-micaz.a(csma.o)
 .data          0x0080014d        0x4 /usr/lib/gcc/avr/4.5.3/../../../avr/lib/avr51/libc.a(rand.o)
 *(.data*)
 .data.gj_receive
                0x00800151        0x8 gj_receive.co
                0x00800151                gj_receive
 .data.etimer_process
                0x00800159        0x8 contiki-micaz.a(etimer.o)
                0x00800159                etimer_process
 .data.cxmac_config
                0x00800161        0x8 contiki-micaz.a(cxmac.o)
                0x00800161                cxmac_config
 .data.encounter_memb
                0x00800169        0x8 contiki-micaz.a(cxmac.o)
 .data.neighbor_memb
                0x00800171        0x8 contiki-micaz.a(csma.o)
 .data.packet_memb
                0x00800179        0x8 contiki-micaz.a(csma.o)
 .data.metadata_memb
                0x00800181        0x8 contiki-micaz.a(csma.o)
 .data.ctimer_process
                0x00800189        0x8 contiki-micaz.a(ctimer.o)
                0x00800189                ctimer_process
 .data.bufmem   0x00800191        0x8 contiki-micaz.a(queuebuf.o)
 .data.refbufmem
                0x00800199        0x8 contiki-micaz.a(queuebuf.o)
 .data.buframmem
                0x008001a1        0x8 contiki-micaz.a(queuebuf.o)
 .data.rs232_stdout
                0x008001a9        0xe contiki-micaz.a(rs232.o)
 .data.cc2420_process
                0x008001b7        0x8 contiki-micaz.a(cc2420.o)
                0x008001b7                cc2420_process
 *(.rodata)
 *(.rodata*)
 .rodata.autostart_processes
                0x008001bf        0x4 gj_receive.co
                0x008001bf                autostart_processes
 .rodata.broadcast_call
                0x008001c3        0x4 gj_receive.co
 .rodata.broadcast
                0x008001c7        0x4 contiki-micaz.a(broadcast.o)
 .rodata.attributes
                0x008001cb        0x4 contiki-micaz.a(broadcast.o)
 .rodata.attributes
                0x008001cf        0x2 contiki-micaz.a(abc.o)
 .rodata.rimeaddr_null
                0x008001d1        0x2 contiki-micaz.a(rimeaddr.o)
                0x008001d1                rimeaddr_null
 .rodata.rime_driver
                0x008001d3        0x6 contiki-micaz.a(rime.o)
                0x008001d3                rime_driver
 .rodata.broadcast_callbacks
                0x008001d9        0x4 contiki-micaz.a(broadcast-annou)
 .rodata.chameleon_bitopt
                0x008001dd        0x6 contiki-micaz.a(chameleon-bitop)
                0x008001dd                chameleon_bitopt
 .rodata.bitmask
                0x008001e3        0x9 contiki-micaz.a(chameleon-bitop)
 .rodata.cxmac_driver
                0x008001ec       0x10 contiki-micaz.a(cxmac.o)
                0x008001ec                cxmac_driver
 .rodata.framer_802154
                0x008001fc        0x4 contiki-micaz.a(framer-802154.o)
                0x008001fc                framer_802154
 .rodata.csma_driver
                0x00800200        0xe contiki-micaz.a(csma.o)
                0x00800200                csma_driver
 .rodata.cc2420_driver
                0x0080020e       0x14 contiki-micaz.a(cc2420.o)
                0x0080020e                cc2420_driver
 .rodata.CSWTCH.4
                0x00800222        0x2 contiki-micaz.a(frame802154.o)
 *(.gnu.linkonce.d*)
                0x00800224                . = ALIGN (0x2)
                0x00800224                _edata = .
                0x00800224                PROVIDE (__data_end, .)

.bss            0x00800224      0x914
                0x00800224                PROVIDE (__bss_start, .)
 *(.bss)
 *(.bss*)
 .bss.broadcast
                0x00800224        0xb gj_receive.co
 .bss.et.2652   0x0080022f        0x8 gj_receive.co
 .bss.channel_list_list
                0x00800237        0x2 contiki-micaz.a(channel.o)
 .bss.timerlist
                0x00800239        0x2 contiki-micaz.a(etimer.o)
 .bss.next_expiration
                0x0080023b        0x2 contiki-micaz.a(etimer.o)
 .bss.hdrptr    0x0080023d        0x1 contiki-micaz.a(packetbuf.o)
 .bss.buflen    0x0080023e        0x2 contiki-micaz.a(packetbuf.o)
 .bss.packetbufptr
                0x00800240        0x2 contiki-micaz.a(packetbuf.o)
 .bss.packetbuf_aligned
                0x00800242       0xb2 contiki-micaz.a(packetbuf.o)
 .bss.bufptr    0x008002f4        0x2 contiki-micaz.a(packetbuf.o)
 .bss.node_id   0x008002f6        0x2 contiki-micaz.a(node-id.o)
                0x008002f6                node_id
 .bss.seconds   0x008002f8        0x4 contiki-micaz.a(clock.o)
 .bss.count     0x008002fc        0x2 contiki-micaz.a(clock.o)
 .bss.scount    0x008002fe        0x2 contiki-micaz.a(clock.o)
 .bss.invert    0x00800300        0x1 contiki-micaz.a(leds.o)
 .bss.leds      0x00800301        0x1 contiki-micaz.a(leds.o)
 .bss.sniffers_list
                0x00800302        0x2 contiki-micaz.a(rime.o)
 .bss.announcements_list
                0x00800304        0x2 contiki-micaz.a(announcement.o)
 .bss.observer_callback
                0x00800306        0x2 contiki-micaz.a(announcement.o)
 .bss.c         0x00800308       0x35 contiki-micaz.a(broadcast-annou)
 .bss.cxmac_is_on
                0x0080033d        0x1 contiki-micaz.a(cxmac.o)
 .bss.cpowercycle_ctimer
                0x0080033e       0x10 contiki-micaz.a(cxmac.o)
 .bss.is_streaming
                0x0080034e        0x1 contiki-micaz.a(cxmac.o)
 .bss.stream_until
                0x0080034f        0x2 contiki-micaz.a(cxmac.o)
 .bss.is_streaming_to
                0x00800351        0x2 contiki-micaz.a(cxmac.o)
 .bss.is_streaming_to_too
                0x00800353        0x2 contiki-micaz.a(cxmac.o)
 .bss.pt        0x00800355        0x2 contiki-micaz.a(cxmac.o)
 .bss.someone_is_sending
                0x00800357        0x1 contiki-micaz.a(cxmac.o)
 .bss.waiting_for_packet
                0x00800358        0x1 contiki-micaz.a(cxmac.o)
 .bss.we_are_sending
                0x00800359        0x1 contiki-micaz.a(cxmac.o)
 .bss.radio_is_on
                0x0080035a        0x1 contiki-micaz.a(cxmac.o)
 .bss.current_packet
                0x0080035b        0x8 contiki-micaz.a(cxmac.o)
 .bss.encounter_list_list
                0x00800363        0x2 contiki-micaz.a(cxmac.o)
 .bss.encounter_memb_memb_count
                0x00800365        0x4 contiki-micaz.a(cxmac.o)
 .bss.encounter_memb_memb_mem
                0x00800369       0x18 contiki-micaz.a(cxmac.o)
 .bss.initialized
                0x00800381        0x1 contiki-micaz.a(framer-802154.o)
 .bss.mac_dsn   0x00800382        0x1 contiki-micaz.a(framer-802154.o)
 .bss.seqno.2047
                0x00800383        0x2 contiki-micaz.a(csma.o)
 .bss.neighbor_list_list
                0x00800385        0x2 contiki-micaz.a(csma.o)
 .bss.neighbor_memb_memb_count
                0x00800387        0x2 contiki-micaz.a(csma.o)
 .bss.neighbor_memb_memb_mem
                0x00800389       0x36 contiki-micaz.a(csma.o)
 .bss.packet_memb_memb_count
                0x008003bf        0x8 contiki-micaz.a(csma.o)
 .bss.packet_memb_memb_mem
                0x008003c7       0x30 contiki-micaz.a(csma.o)
 .bss.metadata_memb_memb_count
                0x008003f7        0x8 contiki-micaz.a(csma.o)
 .bss.metadata_memb_memb_mem
                0x008003ff       0x28 contiki-micaz.a(csma.o)
 .bss.process_list
                0x00800427        0x2 contiki-micaz.a(process.o)
                0x00800427                process_list
 .bss.process_current
                0x00800429        0x2 contiki-micaz.a(process.o)
                0x00800429                process_current
 .bss.poll_requested
                0x0080042b        0x1 contiki-micaz.a(process.o)
 .bss.nevents   0x0080042c        0x1 contiki-micaz.a(process.o)
 .bss.fevent    0x0080042d        0x1 contiki-micaz.a(process.o)
 .bss.events    0x0080042e       0x28 contiki-micaz.a(process.o)
 .bss.snum.1546
                0x00800456        0x1 contiki-micaz.a(process.o)
 .bss.p.1531    0x00800457        0x2 contiki-micaz.a(process.o)
 .bss.receiver.1530
                0x00800459        0x2 contiki-micaz.a(process.o)
 .bss.data.1529
                0x0080045b        0x2 contiki-micaz.a(process.o)
 .bss.ev.1528   0x0080045d        0x1 contiki-micaz.a(process.o)
 .bss.lastevent
                0x0080045e        0x1 contiki-micaz.a(process.o)
 .bss.last_transmit.1460
                0x0080045f        0x4 contiki-micaz.a(compower.o)
 .bss.last_listen.1459
                0x00800463        0x4 contiki-micaz.a(compower.o)
 .bss.initialized
                0x00800467        0x1 contiki-micaz.a(ctimer.o)
 .bss.ctimer_list_list
                0x00800468        0x2 contiki-micaz.a(ctimer.o)
 .bss.next_rtimer
                0x0080046a        0x2 contiki-micaz.a(rtimer.o)
 .bss.bufmem_memb_count
                0x0080046c        0x8 contiki-micaz.a(queuebuf.o)
 .bss.bufmem_memb_mem
                0x00800474       0x10 contiki-micaz.a(queuebuf.o)
 .bss.refbufmem_memb_count
                0x00800484        0x2 contiki-micaz.a(queuebuf.o)
 .bss.refbufmem_memb_mem
                0x00800486       0x6a contiki-micaz.a(queuebuf.o)
 .bss.buframmem_memb_count
                0x008004f0        0x8 contiki-micaz.a(queuebuf.o)
 .bss.buframmem_memb_mem
                0x008004f8      0x5d0 contiki-micaz.a(queuebuf.o)
 .bss.stdout_rs232_port
                0x00800ac8        0x1 contiki-micaz.a(rs232.o)
 .bss.locked    0x00800ac9        0x1 contiki-micaz.a(cc2420.o)
 .bss.receive_on
                0x00800aca        0x1 contiki-micaz.a(cc2420.o)
 .bss.lock_on   0x00800acb        0x1 contiki-micaz.a(cc2420.o)
 .bss.lock_off  0x00800acc        0x1 contiki-micaz.a(cc2420.o)
 .bss.pending   0x00800acd        0x1 contiki-micaz.a(cc2420.o)
 .bss.last_packet_timestamp
                0x00800ace        0x2 contiki-micaz.a(cc2420.o)
 .bss.channel   0x00800ad0        0x2 contiki-micaz.a(cc2420.o)
 *(COMMON)
 COMMON         0x00800ad2       0x38 contiki-micaz.a(packetbuf.o)
                0x00800ad2                packetbuf_addrs
                0x00800ada                packetbuf_attrs
 COMMON         0x00800b0a        0x8 contiki-micaz.a(ds2401.o)
                0x00800b0a                ds2401_id
 COMMON         0x00800b12        0x2 contiki-micaz.a(rimeaddr.o)
                0x00800b12                rimeaddr_node_addr
 COMMON         0x00800b14        0x1 contiki-micaz.a(process.o)
                0x00800b14                process_maxevents
 COMMON         0x00800b15        0x8 contiki-micaz.a(compower.o)
                0x00800b15                compower_idle_activity
 COMMON         0x00800b1d        0x4 contiki-micaz.a(rs232.o)
                0x00800b1d                input_handler_1
                0x00800b1f                input_handler_0
 COMMON         0x00800b21       0x11 contiki-micaz.a(cc2420.o)
                0x00800b21                cc2420_last_rssi
                0x00800b22                cc2420_packets_read
                0x00800b24                cc2420_packets_seen
                0x00800b26                cc2420_sfd_start_time
                0x00800b28                cc2420_time_of_departure
                0x00800b2a                cc2420_time_of_arrival
                0x00800b2c                cc2420_last_correlation
                0x00800b2d                cc2420_authority_level_of_sender
                0x00800b2f                cc2420_sfd_counter
                0x00800b30                cc2420_sfd_end_time
 COMMON         0x00800b32        0x6 /usr/lib/gcc/avr/4.5.3/../../../avr/lib/avr51/libc.a(iob.o)
                0x00800b32                __iob
                0x00800b38                PROVIDE (__bss_end, .)
                0x000049fc                __data_load_start = LOADADDR (.data)
                0x00004b20                __data_load_end = (__data_load_start + SIZEOF (.data))

.noinit         0x00800b38        0x0
                0x00800b38                PROVIDE (__noinit_start, .)
 *(.noinit*)
                0x00800b38                PROVIDE (__noinit_end, .)
                0x00800b38                _end = .
                0x00800b38                PROVIDE (__heap_start, .)

.eeprom         0x00810000        0x0
 *(.eeprom*)
                0x00810000                __eeprom_end = .

.fuse
 *(.fuse)
 *(.lfuse)
 *(.hfuse)
 *(.efuse)

.lock
 *(.lock*)

.signature
 *(.signature*)

.stab           0x00000000     0x26a0
 *(.stab)
 .stab          0x00000000      0x6cc /usr/lib/gcc/avr/4.5.3/../../../avr/lib/avr51/crtm128.o
 .stab          0x000006cc      0x324 /usr/lib/gcc/avr/4.5.3/../../../avr/lib/avr51/libc.a(rand.o)
                                0x330 (size before relaxing)
 .stab          0x000009f0       0xb4 /usr/lib/gcc/avr/4.5.3/../../../avr/lib/avr51/libc.a(memcmp.o)
                                 0xc0 (size before relaxing)
 .stab          0x00000aa4       0x84 /usr/lib/gcc/avr/4.5.3/../../../avr/lib/avr51/libc.a(memcpy.o)
                                 0x90 (size before relaxing)
 .stab          0x00000b28       0x6c /usr/lib/gcc/avr/4.5.3/../../../avr/lib/avr51/libc.a(memset.o)
                                 0x78 (size before relaxing)
 .stab          0x00000b94      0x300 /usr/lib/gcc/avr/4.5.3/../../../avr/lib/avr51/libc.a(iob.o)
                                0x30c (size before relaxing)
 .stab          0x00000e94      0x18c /usr/lib/gcc/avr/4.5.3/../../../avr/lib/avr51/libc.a(printf.o)
                                0x36c (size before relaxing)
 .stab          0x00001020      0x1a4 /usr/lib/gcc/avr/4.5.3/../../../avr/lib/avr51/libc.a(printf_p.o)
                                0x384 (size before relaxing)
 .stab          0x000011c4      0xac8 /usr/lib/gcc/avr/4.5.3/../../../avr/lib/avr51/libc.a(vfprintf_std.o)
                                0xcd8 (size before relaxing)
 .stab          0x00001c8c      0x108 /usr/lib/gcc/avr/4.5.3/../../../avr/lib/avr51/libc.a(eerd_block_atmega128.o)
                                0x114 (size before relaxing)
 .stab          0x00001d94       0x9c /usr/lib/gcc/avr/4.5.3/../../../avr/lib/avr51/libc.a(eewr_block_atmega128.o)
                                 0xa8 (size before relaxing)
 .stab          0x00001e30       0xd8 /usr/lib/gcc/avr/4.5.3/../../../avr/lib/avr51/libc.a(eewr_byte_atmega128.o)
                                 0xe4 (size before relaxing)
 .stab          0x00001f08       0x9c /usr/lib/gcc/avr/4.5.3/../../../avr/lib/avr51/libc.a(strnlen_P.o)
                                 0xa8 (size before relaxing)
 .stab          0x00001fa4       0x9c /usr/lib/gcc/avr/4.5.3/../../../avr/lib/avr51/libc.a(strnlen.o)
                                 0xa8 (size before relaxing)
 .stab          0x00002040      0x1e0 /usr/lib/gcc/avr/4.5.3/../../../avr/lib/avr51/libc.a(fputc.o)
                                0x3c0 (size before relaxing)
 .stab          0x00002220      0x480 /usr/lib/gcc/avr/4.5.3/../../../avr/lib/avr51/libc.a(ultoa_invert.o)
                                0x48c (size before relaxing)

.stabstr        0x00000000      0xec6
 *(.stabstr)
 .stabstr       0x00000000      0xec6 /usr/lib/gcc/avr/4.5.3/../../../avr/lib/avr51/crtm128.o

.stab.excl
 *(.stab.excl)

.stab.exclstr
 *(.stab.exclstr)

.stab.index
 *(.stab.index)

.stab.indexstr
 *(.stab.indexstr)

.comment
 *(.comment)

.debug
 *(.debug)

.line
 *(.line)

.debug_srcinfo
 *(.debug_srcinfo)

.debug_sfnames
 *(.debug_sfnames)

.debug_aranges  0x00000000      0xc48
 *(.debug_aranges)
 .debug_aranges
                0x00000000       0x28 gj_receive.co
 .debug_aranges
                0x00000028       0x40 contiki-micaz.a(broadcast.o)
 .debug_aranges
                0x00000068       0x40 contiki-micaz.a(abc.o)
 .debug_aranges
                0x000000a8       0x40 contiki-micaz.a(channel.o)
 .debug_aranges
                0x000000e8       0x78 contiki-micaz.a(list.o)
 .debug_aranges
                0x00000160       0x88 contiki-micaz.a(etimer.o)
 .debug_aranges
                0x000001e8       0x28 contiki-micaz.a(random.o)
 .debug_aranges
                0x00000210       0xc0 contiki-micaz.a(packetbuf.o)
 .debug_aranges
                0x000002d0       0x28 contiki-micaz.a(contiki-micaz-m)
 .debug_aranges
                0x000002f8       0x20 contiki-micaz.a(init-net.o)
 .debug_aranges
                0x00000318       0x28 contiki-micaz.a(node-id.o)
 .debug_aranges
                0x00000340       0x50 contiki-micaz.a(clock.o)
 .debug_aranges
                0x00000390       0x30 contiki-micaz.a(ds2401.o)
 .debug_aranges
                0x000003c0       0x28 contiki-micaz.a(eeprom.o)
 .debug_aranges
                0x000003e8       0x58 contiki-micaz.a(leds.o)
 .debug_aranges
                0x00000440       0x30 contiki-micaz.a(rimeaddr.o)
 .debug_aranges
                0x00000470       0x48 contiki-micaz.a(rime.o)
 .debug_aranges
                0x000004b8       0x70 contiki-micaz.a(announcement.o)
 .debug_aranges
                0x00000528       0x60 contiki-micaz.a(broadcast-annou)
 .debug_aranges
                0x00000588       0x38 contiki-micaz.a(chameleon.o)
 .debug_aranges
                0x000005c0       0x50 contiki-micaz.a(chameleon-bitop)
 .debug_aranges
                0x00000610       0x80 contiki-micaz.a(cxmac.o)
 .debug_aranges
                0x00000690       0x20 contiki-micaz.a(mac.o)
 .debug_aranges
                0x000006b0       0x28 contiki-micaz.a(framer-802154.o)
 .debug_aranges
                0x000006d8       0x68 contiki-micaz.a(csma.o)
 .debug_aranges
                0x00000740       0x80 contiki-micaz.a(process.o)
 .debug_aranges
                0x000007c0       0x28 contiki-micaz.a(autostart.o)
 .debug_aranges
                0x000007e8       0x40 contiki-micaz.a(compower.o)
 .debug_aranges
                0x00000828       0x38 contiki-micaz.a(memb.o)
 .debug_aranges
                0x00000860       0x40 contiki-micaz.a(timer.o)
 .debug_aranges
                0x000008a0       0x50 contiki-micaz.a(ctimer.o)
 .debug_aranges
                0x000008f0       0x38 contiki-micaz.a(energest.o)
 .debug_aranges
                0x00000928       0x30 contiki-micaz.a(rtimer.o)
 .debug_aranges
                0x00000958       0x68 contiki-micaz.a(queuebuf.o)
 .debug_aranges
                0x000009c0       0x60 contiki-micaz.a(rs232.o)
 .debug_aranges
                0x00000a20       0x30 contiki-micaz.a(leds-arch.o)
 .debug_aranges
                0x00000a50      0x108 contiki-micaz.a(cc2420.o)
 .debug_aranges
                0x00000b58       0x28 contiki-micaz.a(cc2420-arch.o)
 .debug_aranges
                0x00000b80       0x30 contiki-micaz.a(rtimer-arch.o)
 .debug_aranges
                0x00000bb0       0x40 contiki-micaz.a(watchdog.o)
 .debug_aranges
                0x00000bf0       0x38 contiki-micaz.a(frame802154.o)
 .debug_aranges
                0x00000c28       0x20 contiki-micaz.a(spi.o)

.debug_pubnames
                0x00000000     0x1584
 *(.debug_pubnames)
 .debug_pubnames
                0x00000000       0x39 gj_receive.co
 .debug_pubnames
                0x00000039       0x30 symbols.o
 .debug_pubnames
                0x00000069       0x4c contiki-micaz.a(broadcast.o)
 .debug_pubnames
                0x000000b5       0x55 contiki-micaz.a(abc.o)
 .debug_pubnames
                0x0000010a       0x74 contiki-micaz.a(channel.o)
 .debug_pubnames
                0x0000017e       0xc3 contiki-micaz.a(list.o)
 .debug_pubnames
                0x00000241      0x109 contiki-micaz.a(etimer.o)
 .debug_pubnames
                0x0000034a       0x32 contiki-micaz.a(random.o)
 .debug_pubnames
                0x0000037c      0x22c contiki-micaz.a(packetbuf.o)
 .debug_pubnames
                0x000005a8       0x2a contiki-micaz.a(contiki-micaz-m)
 .debug_pubnames
                0x000005d2       0x1f contiki-micaz.a(init-net.o)
 .debug_pubnames
                0x000005f1       0x43 contiki-micaz.a(node-id.o)
 .debug_pubnames
                0x00000634       0x87 contiki-micaz.a(clock.o)
 .debug_pubnames
                0x000006bb       0x30 contiki-micaz.a(ds2401.o)
 .debug_pubnames
                0x000006eb       0x33 contiki-micaz.a(eeprom.o)
 .debug_pubnames
                0x0000071e       0x75 contiki-micaz.a(leds.o)
 .debug_pubnames
                0x00000793       0x79 contiki-micaz.a(rimeaddr.o)
 .debug_pubnames
                0x0000080c       0x5f contiki-micaz.a(rime.o)
 .debug_pubnames
                0x0000086b      0x144 contiki-micaz.a(announcement.o)
 .debug_pubnames
                0x000009af       0x7d contiki-micaz.a(broadcast-annou)
 .debug_pubnames
                0x00000a2c       0x64 contiki-micaz.a(chameleon.o)
 .debug_pubnames
                0x00000a90       0x6b contiki-micaz.a(chameleon-bitop)
 .debug_pubnames
                0x00000afb       0x6c contiki-micaz.a(cxmac.o)
 .debug_pubnames
                0x00000b67       0x2d contiki-micaz.a(mac.o)
 .debug_pubnames
                0x00000b94       0x24 contiki-micaz.a(framer-802154.o)
 .debug_pubnames
                0x00000bb8       0x22 contiki-micaz.a(csma.o)
 .debug_pubnames
                0x00000bda      0x10d contiki-micaz.a(process.o)
 .debug_pubnames
                0x00000ce7       0x39 contiki-micaz.a(autostart.o)
 .debug_pubnames
                0x00000d20       0x9e contiki-micaz.a(compower.o)
 .debug_pubnames
                0x00000dbe       0x4d contiki-micaz.a(memb.o)
 .debug_pubnames
                0x00000e0b       0x68 contiki-micaz.a(timer.o)
 .debug_pubnames
                0x00000e73       0x8b contiki-micaz.a(ctimer.o)
 .debug_pubnames
                0x00000efe       0x64 contiki-micaz.a(energest.o)
 .debug_pubnames
                0x00000f62       0x45 contiki-micaz.a(rtimer.o)
 .debug_pubnames
                0x00000fa7       0xff contiki-micaz.a(queuebuf.o)
 .debug_pubnames
                0x000010a6       0xe4 contiki-micaz.a(rs232.o)
 .debug_pubnames
                0x0000118a       0x49 contiki-micaz.a(leds-arch.o)
 .debug_pubnames
                0x000011d3      0x236 contiki-micaz.a(cc2420.o)
 .debug_pubnames
                0x00001409       0x36 contiki-micaz.a(cc2420-arch.o)
 .debug_pubnames
                0x0000143f       0x50 contiki-micaz.a(rtimer-arch.o)
 .debug_pubnames
                0x0000148f       0x73 contiki-micaz.a(watchdog.o)
 .debug_pubnames
                0x00001502       0x56 contiki-micaz.a(frame802154.o)
 .debug_pubnames
                0x00001558       0x2c contiki-micaz.a(spi.o)

.debug_info     0x00000000     0xafe3
 *(.debug_info)
 .debug_info    0x00000000      0x592 gj_receive.co
 .debug_info    0x00000592       0xaf symbols.o
 .debug_info    0x00000641      0x589 contiki-micaz.a(broadcast.o)
 .debug_info    0x00000bca      0x454 contiki-micaz.a(abc.o)
 .debug_info    0x0000101e      0x2f2 contiki-micaz.a(channel.o)
 .debug_info    0x00001310      0x349 contiki-micaz.a(list.o)
 .debug_info    0x00001659      0x4d2 contiki-micaz.a(etimer.o)
 .debug_info    0x00001b2b       0xa7 contiki-micaz.a(random.o)
 .debug_info    0x00001bd2      0x629 contiki-micaz.a(packetbuf.o)
 .debug_info    0x000021fb      0x2c2 contiki-micaz.a(contiki-micaz-m)
 .debug_info    0x000024bd      0x487 contiki-micaz.a(init-net.o)
 .debug_info    0x00002944      0x149 contiki-micaz.a(node-id.o)
 .debug_info    0x00002a8d      0x1f1 contiki-micaz.a(clock.o)
 .debug_info    0x00002c7e      0x365 contiki-micaz.a(ds2401.o)
 .debug_info    0x00002fe3      0x11d contiki-micaz.a(eeprom.o)
 .debug_info    0x00003100      0x1ca contiki-micaz.a(leds.o)
 .debug_info    0x000032ca      0x176 contiki-micaz.a(rimeaddr.o)
 .debug_info    0x00003440      0x4ee contiki-micaz.a(rime.o)
 .debug_info    0x0000392e      0x3ed contiki-micaz.a(announcement.o)
 .debug_info    0x00003d1b      0x858 contiki-micaz.a(broadcast-annou)
 .debug_info    0x00004573      0x424 contiki-micaz.a(chameleon.o)
 .debug_info    0x00004997      0x7c7 contiki-micaz.a(chameleon-bitop)
 .debug_info    0x0000515e      0xf9b contiki-micaz.a(cxmac.o)
 .debug_info    0x000060f9      0x114 contiki-micaz.a(mac.o)
 .debug_info    0x0000620d      0x657 contiki-micaz.a(framer-802154.o)
 .debug_info    0x00006864      0xbc5 contiki-micaz.a(csma.o)
 .debug_info    0x00007429      0x574 contiki-micaz.a(process.o)
 .debug_info    0x0000799d      0x19f contiki-micaz.a(autostart.o)
 .debug_info    0x00007b3c      0x46a contiki-micaz.a(compower.o)
 .debug_info    0x00007fa6      0x1ad contiki-micaz.a(memb.o)
 .debug_info    0x00008153      0x184 contiki-micaz.a(timer.o)
 .debug_info    0x000082d7      0x46c contiki-micaz.a(ctimer.o)
 .debug_info    0x00008743      0x103 contiki-micaz.a(energest.o)
 .debug_info    0x00008846      0x1be contiki-micaz.a(rtimer.o)
 .debug_info    0x00008a04      0x6e6 contiki-micaz.a(queuebuf.o)
 .debug_info    0x000090ea      0x3b6 contiki-micaz.a(rs232.o)
 .debug_info    0x000094a0       0xc1 contiki-micaz.a(leds-arch.o)
 .debug_info    0x00009561     0x1200 contiki-micaz.a(cc2420.o)
 .debug_info    0x0000a761      0x16e contiki-micaz.a(cc2420-arch.o)
 .debug_info    0x0000a8cf       0xf9 contiki-micaz.a(rtimer-arch.o)
 .debug_info    0x0000a9c8       0xdd contiki-micaz.a(watchdog.o)
 .debug_info    0x0000aaa5      0x4a7 contiki-micaz.a(frame802154.o)
 .debug_info    0x0000af4c       0x97 contiki-micaz.a(spi.o)
 *(.gnu.linkonce.wi.*)

.debug_abbrev   0x00000000     0x3fd8
 *(.debug_abbrev)
 .debug_abbrev  0x00000000      0x1e1 gj_receive.co
 .debug_abbrev  0x000001e1       0x82 symbols.o
 .debug_abbrev  0x00000263      0x1e7 contiki-micaz.a(broadcast.o)
 .debug_abbrev  0x0000044a      0x182 contiki-micaz.a(abc.o)
 .debug_abbrev  0x000005cc      0x169 contiki-micaz.a(channel.o)
 .debug_abbrev  0x00000735      0x13a contiki-micaz.a(list.o)
 .debug_abbrev  0x0000086f      0x20b contiki-micaz.a(etimer.o)
 .debug_abbrev  0x00000a7a       0x67 contiki-micaz.a(random.o)
 .debug_abbrev  0x00000ae1      0x22b contiki-micaz.a(packetbuf.o)
 .debug_abbrev  0x00000d0c      0x137 contiki-micaz.a(contiki-micaz-m)
 .debug_abbrev  0x00000e43      0x1a2 contiki-micaz.a(init-net.o)
 .debug_abbrev  0x00000fe5       0xcc contiki-micaz.a(node-id.o)
 .debug_abbrev  0x000010b1       0xe4 contiki-micaz.a(clock.o)
 .debug_abbrev  0x00001195      0x196 contiki-micaz.a(ds2401.o)
 .debug_abbrev  0x0000132b       0x8a contiki-micaz.a(eeprom.o)
 .debug_abbrev  0x000013b5       0xd4 contiki-micaz.a(leds.o)
 .debug_abbrev  0x00001489      0x101 contiki-micaz.a(rimeaddr.o)
 .debug_abbrev  0x0000158a      0x1fb contiki-micaz.a(rime.o)
 .debug_abbrev  0x00001785      0x16a contiki-micaz.a(announcement.o)
 .debug_abbrev  0x000018ef      0x22e contiki-micaz.a(broadcast-annou)
 .debug_abbrev  0x00001b1d      0x1cc contiki-micaz.a(chameleon.o)
 .debug_abbrev  0x00001ce9      0x264 contiki-micaz.a(chameleon-bitop)
 .debug_abbrev  0x00001f4d      0x3b6 contiki-micaz.a(cxmac.o)
 .debug_abbrev  0x00002303       0xa0 contiki-micaz.a(mac.o)
 .debug_abbrev  0x000023a3      0x227 contiki-micaz.a(framer-802154.o)
 .debug_abbrev  0x000025ca      0x369 contiki-micaz.a(csma.o)
 .debug_abbrev  0x00002933      0x2df contiki-micaz.a(process.o)
 .debug_abbrev  0x00002c12       0xf5 contiki-micaz.a(autostart.o)
 .debug_abbrev  0x00002d07      0x203 contiki-micaz.a(compower.o)
 .debug_abbrev  0x00002f0a       0xea contiki-micaz.a(memb.o)
 .debug_abbrev  0x00002ff4       0xd2 contiki-micaz.a(timer.o)
 .debug_abbrev  0x000030c6      0x1b5 contiki-micaz.a(ctimer.o)
 .debug_abbrev  0x0000327b       0x8d contiki-micaz.a(energest.o)
 .debug_abbrev  0x00003308      0x12a contiki-micaz.a(rtimer.o)
 .debug_abbrev  0x00003432      0x1f3 contiki-micaz.a(queuebuf.o)
 .debug_abbrev  0x00003625      0x186 contiki-micaz.a(rs232.o)
 .debug_abbrev  0x000037ab       0x87 contiki-micaz.a(leds-arch.o)
 .debug_abbrev  0x00003832      0x403 contiki-micaz.a(cc2420.o)
 .debug_abbrev  0x00003c35       0xc8 contiki-micaz.a(cc2420-arch.o)
 .debug_abbrev  0x00003cfd       0x96 contiki-micaz.a(rtimer-arch.o)
 .debug_abbrev  0x00003d93       0x4c contiki-micaz.a(watchdog.o)
 .debug_abbrev  0x00003ddf      0x19c contiki-micaz.a(frame802154.o)
 .debug_abbrev  0x00003f7b       0x5d contiki-micaz.a(spi.o)

.debug_line     0x00000000     0x7af3
 *(.debug_line)
 .debug_line    0x00000000      0x241 gj_receive.co
 .debug_line    0x00000241       0x77 symbols.o
 .debug_line    0x000002b8      0x209 contiki-micaz.a(broadcast.o)
 .debug_line    0x000004c1      0x1cd contiki-micaz.a(abc.o)
 .debug_line    0x0000068e      0x1f9 contiki-micaz.a(channel.o)
 .debug_line    0x00000887      0x344 contiki-micaz.a(list.o)
 .debug_line    0x00000bcb      0x48f contiki-micaz.a(etimer.o)
 .debug_line    0x0000105a       0xaa contiki-micaz.a(random.o)
 .debug_line    0x00001104      0x4c8 contiki-micaz.a(packetbuf.o)
 .debug_line    0x000015cc      0x27d contiki-micaz.a(contiki-micaz-m)
 .debug_line    0x00001849      0x275 contiki-micaz.a(init-net.o)
 .debug_line    0x00001abe      0x16c contiki-micaz.a(node-id.o)
 .debug_line    0x00001c2a      0x27e contiki-micaz.a(clock.o)
 .debug_line    0x00001ea8      0x300 contiki-micaz.a(ds2401.o)
 .debug_line    0x000021a8      0x11d contiki-micaz.a(eeprom.o)
 .debug_line    0x000022c5      0x1ac contiki-micaz.a(leds.o)
 .debug_line    0x00002471       0xe1 contiki-micaz.a(rimeaddr.o)
 .debug_line    0x00002552      0x2bd contiki-micaz.a(rime.o)
 .debug_line    0x0000280f      0x2e5 contiki-micaz.a(announcement.o)
 .debug_line    0x00002af4      0x3e3 contiki-micaz.a(broadcast-annou)
 .debug_line    0x00002ed7      0x1cb contiki-micaz.a(chameleon.o)
 .debug_line    0x000030a2      0x4b9 contiki-micaz.a(chameleon-bitop)
 .debug_line    0x0000355b      0xa2c contiki-micaz.a(cxmac.o)
 .debug_line    0x00003f87       0x92 contiki-micaz.a(mac.o)
 .debug_line    0x00004019      0x321 contiki-micaz.a(framer-802154.o)
 .debug_line    0x0000433a      0x618 contiki-micaz.a(csma.o)
 .debug_line    0x00004952      0x4e3 contiki-micaz.a(process.o)
 .debug_line    0x00004e35      0x101 contiki-micaz.a(autostart.o)
 .debug_line    0x00004f36      0x22b contiki-micaz.a(compower.o)
 .debug_line    0x00005161      0x190 contiki-micaz.a(memb.o)
 .debug_line    0x000052f1      0x15f contiki-micaz.a(timer.o)
 .debug_line    0x00005450      0x390 contiki-micaz.a(ctimer.o)
 .debug_line    0x000057e0       0xd0 contiki-micaz.a(energest.o)
 .debug_line    0x000058b0      0x120 contiki-micaz.a(rtimer.o)
 .debug_line    0x000059d0      0x379 contiki-micaz.a(queuebuf.o)
 .debug_line    0x00005d49      0x2e5 contiki-micaz.a(rs232.o)
 .debug_line    0x0000602e      0x151 contiki-micaz.a(leds-arch.o)
 .debug_line    0x0000617f      0xf41 contiki-micaz.a(cc2420.o)
 .debug_line    0x000070c0      0x1a0 contiki-micaz.a(cc2420-arch.o)
 .debug_line    0x00007260      0x1aa contiki-micaz.a(rtimer-arch.o)
 .debug_line    0x0000740a      0x153 contiki-micaz.a(watchdog.o)
 .debug_line    0x0000755d      0x4c0 contiki-micaz.a(frame802154.o)
 .debug_line    0x00007a1d       0xd6 contiki-micaz.a(spi.o)

.debug_frame    0x00000000     0x1350
 *(.debug_frame)
 .debug_frame   0x00000000       0x30 gj_receive.co
 .debug_frame   0x00000030       0x60 contiki-micaz.a(broadcast.o)
 .debug_frame   0x00000090       0x60 contiki-micaz.a(abc.o)
 .debug_frame   0x000000f0       0x60 contiki-micaz.a(channel.o)
 .debug_frame   0x00000150       0xd0 contiki-micaz.a(list.o)
 .debug_frame   0x00000220       0xf0 contiki-micaz.a(etimer.o)
 .debug_frame   0x00000310       0x30 contiki-micaz.a(random.o)
 .debug_frame   0x00000340      0x160 contiki-micaz.a(packetbuf.o)
 .debug_frame   0x000004a0       0x30 contiki-micaz.a(contiki-micaz-m)
 .debug_frame   0x000004d0       0x20 contiki-micaz.a(init-net.o)
 .debug_frame   0x000004f0       0x30 contiki-micaz.a(node-id.o)
 .debug_frame   0x00000520       0x80 contiki-micaz.a(clock.o)
 .debug_frame   0x000005a0       0x40 contiki-micaz.a(ds2401.o)
 .debug_frame   0x000005e0       0x30 contiki-micaz.a(eeprom.o)
 .debug_frame   0x00000610       0x90 contiki-micaz.a(leds.o)
 .debug_frame   0x000006a0       0x40 contiki-micaz.a(rimeaddr.o)
 .debug_frame   0x000006e0       0x70 contiki-micaz.a(rime.o)
 .debug_frame   0x00000750       0xc0 contiki-micaz.a(announcement.o)
 .debug_frame   0x00000810       0xa0 contiki-micaz.a(broadcast-annou)
 .debug_frame   0x000008b0       0x50 contiki-micaz.a(chameleon.o)
 .debug_frame   0x00000900       0x80 contiki-micaz.a(chameleon-bitop)
 .debug_frame   0x00000980       0xe0 contiki-micaz.a(cxmac.o)
 .debug_frame   0x00000a60       0x20 contiki-micaz.a(mac.o)
 .debug_frame   0x00000a80       0x30 contiki-micaz.a(framer-802154.o)
 .debug_frame   0x00000ab0       0xb0 contiki-micaz.a(csma.o)
 .debug_frame   0x00000b60       0xe0 contiki-micaz.a(process.o)
 .debug_frame   0x00000c40       0x30 contiki-micaz.a(autostart.o)
 .debug_frame   0x00000c70       0x60 contiki-micaz.a(compower.o)
 .debug_frame   0x00000cd0       0x50 contiki-micaz.a(memb.o)
 .debug_frame   0x00000d20       0x60 contiki-micaz.a(timer.o)
 .debug_frame   0x00000d80       0x80 contiki-micaz.a(ctimer.o)
 .debug_frame   0x00000e00       0x50 contiki-micaz.a(energest.o)
 .debug_frame   0x00000e50       0x40 contiki-micaz.a(rtimer.o)
 .debug_frame   0x00000e90       0xb0 contiki-micaz.a(queuebuf.o)
 .debug_frame   0x00000f40       0xa0 contiki-micaz.a(rs232.o)
 .debug_frame   0x00000fe0       0x40 contiki-micaz.a(leds-arch.o)
 .debug_frame   0x00001020      0x1f0 contiki-micaz.a(cc2420.o)
 .debug_frame   0x00001210       0x30 contiki-micaz.a(cc2420-arch.o)
 .debug_frame   0x00001240       0x40 contiki-micaz.a(rtimer-arch.o)
 .debug_frame   0x00001280       0x60 contiki-micaz.a(watchdog.o)
 .debug_frame   0x000012e0       0x50 contiki-micaz.a(frame802154.o)
 .debug_frame   0x00001330       0x20 contiki-micaz.a(spi.o)

.debug_str      0x00000000     0x2ea1
 *(.debug_str)
 .debug_str     0x00000000      0x208 gj_receive.co
                                0x2bb (size before relaxing)
 .debug_str     0x00000208       0x20 symbols.o
                                 0x61 (size before relaxing)
 .debug_str     0x00000228      0x375 contiki-micaz.a(broadcast.o)
                                0x510 (size before relaxing)
 .debug_str     0x0000059d       0x56 contiki-micaz.a(abc.o)
                                0x4a1 (size before relaxing)
 .debug_str     0x000005f3       0x9f contiki-micaz.a(channel.o)
                                0x1da (size before relaxing)
 .debug_str     0x00000692       0xba contiki-micaz.a(list.o)
                                 0xdc (size before relaxing)
 .debug_str     0x0000074c      0x150 contiki-micaz.a(etimer.o)
                                0x279 (size before relaxing)
 .debug_str     0x0000089c       0x42 contiki-micaz.a(random.o)
                                 0xc8 (size before relaxing)
 .debug_str     0x000008de      0x1fa contiki-micaz.a(packetbuf.o)
                                0x5ef (size before relaxing)
 .debug_str     0x00000ad8       0x67 contiki-micaz.a(contiki-micaz-m)
                                0x1c5 (size before relaxing)
 .debug_str     0x00000b3f       0xef contiki-micaz.a(init-net.o)
                                0x1fb (size before relaxing)
 .debug_str     0x00000c2e       0x6f contiki-micaz.a(node-id.o)
                                0x115 (size before relaxing)
 .debug_str     0x00000c9d       0x8e contiki-micaz.a(clock.o)
                                0x142 (size before relaxing)
 .debug_str     0x00000d2b       0x7f contiki-micaz.a(ds2401.o)
                                0x135 (size before relaxing)
 .debug_str     0x00000daa       0x36 contiki-micaz.a(eeprom.o)
                                 0xf5 (size before relaxing)
 .debug_str     0x00000de0       0x81 contiki-micaz.a(leds.o)
                                0x113 (size before relaxing)
 .debug_str     0x00000e61       0x6a contiki-micaz.a(rimeaddr.o)
                                0x121 (size before relaxing)
 .debug_str     0x00000ecb       0xf0 contiki-micaz.a(rime.o)
                                0x2b9 (size before relaxing)
 .debug_str     0x00000fbb      0x1ac contiki-micaz.a(announcement.o)
                                0x2b4 (size before relaxing)
 .debug_str     0x00001167      0x18e contiki-micaz.a(broadcast-annou)
                                0x407 (size before relaxing)
 .debug_str     0x000012f5       0xa4 contiki-micaz.a(chameleon.o)
                                0x4b8 (size before relaxing)
 .debug_str     0x00001399       0xd1 contiki-micaz.a(chameleon-bitop)
                                0x54f (size before relaxing)
 .debug_str     0x0000146a      0x37d contiki-micaz.a(cxmac.o)
                                0x981 (size before relaxing)
 .debug_str     0x000017e7       0x3d contiki-micaz.a(mac.o)
                                0x13e (size before relaxing)
 .debug_str     0x00001824      0x1c0 contiki-micaz.a(framer-802154.o)
                                0x5fe (size before relaxing)
 .debug_str     0x000019e4      0x1fe contiki-micaz.a(csma.o)
                                0x7d2 (size before relaxing)
 .debug_str     0x00001be2      0x175 contiki-micaz.a(process.o)
                                0x26c (size before relaxing)
 .debug_str     0x00001d57       0x47 contiki-micaz.a(autostart.o)
                                0x124 (size before relaxing)
 .debug_str     0x00001d9e      0x1c5 contiki-micaz.a(compower.o)
                                0x5e1 (size before relaxing)
 .debug_str     0x00001f63       0x53 contiki-micaz.a(memb.o)
                                 0xee (size before relaxing)
 .debug_str     0x00001fb6       0x34 contiki-micaz.a(timer.o)
                                0x113 (size before relaxing)
 .debug_str     0x00001fea       0xba contiki-micaz.a(ctimer.o)
                                0x20d (size before relaxing)
 .debug_str     0x000020a4       0x69 contiki-micaz.a(energest.o)
                                 0xf4 (size before relaxing)
 .debug_str     0x0000210d       0xc5 contiki-micaz.a(rtimer.o)
                                0x16b (size before relaxing)
 .debug_str     0x000021d2      0x197 contiki-micaz.a(queuebuf.o)
                                0x5bd (size before relaxing)
 .debug_str     0x00002369      0x117 contiki-micaz.a(rs232.o)
                                0x1c0 (size before relaxing)
 .debug_str     0x00002480       0x5d contiki-micaz.a(leds-arch.o)
                                 0xf0 (size before relaxing)
 .debug_str     0x000024dd      0x796 contiki-micaz.a(cc2420.o)
                                0xd2d (size before relaxing)
 .debug_str     0x00002c73       0x50 contiki-micaz.a(cc2420-arch.o)
                                0x14b (size before relaxing)
 .debug_str     0x00002cc3       0x5d contiki-micaz.a(rtimer-arch.o)
                                0x10d (size before relaxing)
 .debug_str     0x00002d20       0x75 contiki-micaz.a(watchdog.o)
                                 0xf9 (size before relaxing)
 .debug_str     0x00002d95       0xd7 contiki-micaz.a(frame802154.o)
                                0x2e7 (size before relaxing)
 .debug_str     0x00002e6c       0x35 contiki-micaz.a(spi.o)
                                 0xc3 (size before relaxing)

.debug_loc      0x00000000     0x489a
 *(.debug_loc)
 .debug_loc     0x00000000      0x11b gj_receive.co
 .debug_loc     0x0000011b      0x168 contiki-micaz.a(broadcast.o)
 .debug_loc     0x00000283      0x138 contiki-micaz.a(abc.o)
 .debug_loc     0x000003bb      0x12c contiki-micaz.a(channel.o)
 .debug_loc     0x000004e7      0x41c contiki-micaz.a(list.o)
 .debug_loc     0x00000903      0x42e contiki-micaz.a(etimer.o)
 .debug_loc     0x00000d31       0x18 contiki-micaz.a(random.o)
 .debug_loc     0x00000d49      0x217 contiki-micaz.a(packetbuf.o)
 .debug_loc     0x00000f60       0x5c contiki-micaz.a(init-net.o)
 .debug_loc     0x00000fbc       0x63 contiki-micaz.a(node-id.o)
 .debug_loc     0x0000101f       0x68 contiki-micaz.a(clock.o)
 .debug_loc     0x00001087      0x2bb contiki-micaz.a(ds2401.o)
 .debug_loc     0x00001342       0xd0 contiki-micaz.a(eeprom.o)
 .debug_loc     0x00001412       0xbe contiki-micaz.a(leds.o)
 .debug_loc     0x000014d0       0x58 contiki-micaz.a(rimeaddr.o)
 .debug_loc     0x00001528      0x168 contiki-micaz.a(rime.o)
 .debug_loc     0x00001690      0x224 contiki-micaz.a(announcement.o)
 .debug_loc     0x000018b4      0x26b contiki-micaz.a(broadcast-annou)
 .debug_loc     0x00001b1f       0xd4 contiki-micaz.a(chameleon.o)
 .debug_loc     0x00001bf3      0x698 contiki-micaz.a(chameleon-bitop)
 .debug_loc     0x0000228b      0x796 contiki-micaz.a(cxmac.o)
 .debug_loc     0x00002a21       0x90 contiki-micaz.a(mac.o)
 .debug_loc     0x00002ab1       0xdb contiki-micaz.a(framer-802154.o)
 .debug_loc     0x00002b8c      0x3ad contiki-micaz.a(csma.o)
 .debug_loc     0x00002f39      0x38f contiki-micaz.a(process.o)
 .debug_loc     0x000032c8       0x58 contiki-micaz.a(autostart.o)
 .debug_loc     0x00003320       0xac contiki-micaz.a(compower.o)
 .debug_loc     0x000033cc      0x1b0 contiki-micaz.a(memb.o)
 .debug_loc     0x0000357c      0x10c contiki-micaz.a(timer.o)
 .debug_loc     0x00003688      0x311 contiki-micaz.a(ctimer.o)
 .debug_loc     0x00003999       0xc7 contiki-micaz.a(rtimer.o)
 .debug_loc     0x00003a60      0x220 contiki-micaz.a(queuebuf.o)
 .debug_loc     0x00003c80      0x123 contiki-micaz.a(rs232.o)
 .debug_loc     0x00003da3      0x787 contiki-micaz.a(cc2420.o)
 .debug_loc     0x0000452a       0x24 contiki-micaz.a(rtimer-arch.o)
 .debug_loc     0x0000454e      0x34c contiki-micaz.a(frame802154.o)

.debug_macinfo
 *(.debug_macinfo)
OUTPUT(gj_receive.elf elf32-avr)
LOAD linker stubs

.bootloader     0x0001f800        0x0

.debug_pubtypes
                0x00000000     0x169a
 .debug_pubtypes
                0x00000000      0x155 gj_receive.co
 .debug_pubtypes
                0x00000155       0x1e symbols.o
 .debug_pubtypes
                0x00000173       0xe2 contiki-micaz.a(broadcast.o)
 .debug_pubtypes
                0x00000255       0xb7 contiki-micaz.a(abc.o)
 .debug_pubtypes
                0x0000030c       0xa3 contiki-micaz.a(channel.o)
 .debug_pubtypes
                0x000003af       0x26 contiki-micaz.a(list.o)
 .debug_pubtypes
                0x000003d5       0x7b contiki-micaz.a(etimer.o)
 .debug_pubtypes
                0x00000450       0x12 contiki-micaz.a(random.o)
 .debug_pubtypes
                0x00000462       0x75 contiki-micaz.a(packetbuf.o)
 .debug_pubtypes
                0x000004d7       0xac contiki-micaz.a(contiki-micaz-m)
 .debug_pubtypes
                0x00000583       0x8f contiki-micaz.a(init-net.o)
 .debug_pubtypes
                0x00000612       0x2b contiki-micaz.a(node-id.o)
 .debug_pubtypes
                0x0000063d       0x2f contiki-micaz.a(clock.o)
 .debug_pubtypes
                0x0000066c       0x2b contiki-micaz.a(ds2401.o)
 .debug_pubtypes
                0x00000697       0x3d contiki-micaz.a(eeprom.o)
 .debug_pubtypes
                0x000006d4       0x12 contiki-micaz.a(leds.o)
 .debug_pubtypes
                0x000006e6       0x21 contiki-micaz.a(rimeaddr.o)
 .debug_pubtypes
                0x00000707       0xe9 contiki-micaz.a(rime.o)
 .debug_pubtypes
                0x000007f0       0x8c contiki-micaz.a(announcement.o)
 .debug_pubtypes
                0x0000087c      0x1cf contiki-micaz.a(broadcast-annou)
 .debug_pubtypes
                0x00000a4b       0xad contiki-micaz.a(chameleon.o)
 .debug_pubtypes
                0x00000af8       0xbc contiki-micaz.a(chameleon-bitop)
 .debug_pubtypes
                0x00000bb4      0x1be contiki-micaz.a(cxmac.o)
 .debug_pubtypes
                0x00000d72       0x25 contiki-micaz.a(mac.o)
 .debug_pubtypes
                0x00000d97       0xe5 contiki-micaz.a(framer-802154.o)
 .debug_pubtypes
                0x00000e7c      0x177 contiki-micaz.a(csma.o)
 .debug_pubtypes
                0x00000ff3       0x7d contiki-micaz.a(process.o)
 .debug_pubtypes
                0x00001070       0x55 contiki-micaz.a(autostart.o)
 .debug_pubtypes
                0x000010c5       0xaa contiki-micaz.a(compower.o)
 .debug_pubtypes
                0x0000116f       0x1b contiki-micaz.a(memb.o)
 .debug_pubtypes
                0x0000118a       0x2d contiki-micaz.a(timer.o)
 .debug_pubtypes
                0x000011b7       0x91 contiki-micaz.a(ctimer.o)
 .debug_pubtypes
                0x00001248       0x12 contiki-micaz.a(energest.o)
 .debug_pubtypes
                0x0000125a       0x46 contiki-micaz.a(rtimer.o)
 .debug_pubtypes
                0x000012a0       0xae contiki-micaz.a(queuebuf.o)
 .debug_pubtypes
                0x0000134e       0x29 contiki-micaz.a(rs232.o)
 .debug_pubtypes
                0x00001377       0x1e contiki-micaz.a(leds-arch.o)
 .debug_pubtypes
                0x00001395      0x157 contiki-micaz.a(cc2420.o)
 .debug_pubtypes
                0x000014ec       0x75 contiki-micaz.a(cc2420-arch.o)
 .debug_pubtypes
                0x00001561       0x3e contiki-micaz.a(rtimer-arch.o)
 .debug_pubtypes
                0x0000159f       0x2b contiki-micaz.a(watchdog.o)
 .debug_pubtypes
                0x000015ca       0xb2 contiki-micaz.a(frame802154.o)
 .debug_pubtypes
                0x0000167c       0x1e contiki-micaz.a(spi.o)

.debug_ranges   0x00000000      0xb40
 .debug_ranges  0x00000000       0x18 gj_receive.co
 .debug_ranges  0x00000018       0x30 contiki-micaz.a(broadcast.o)
 .debug_ranges  0x00000048       0x30 contiki-micaz.a(abc.o)
 .debug_ranges  0x00000078       0x30 contiki-micaz.a(channel.o)
 .debug_ranges  0x000000a8       0x68 contiki-micaz.a(list.o)
 .debug_ranges  0x00000110       0x78 contiki-micaz.a(etimer.o)
 .debug_ranges  0x00000188       0x18 contiki-micaz.a(random.o)
 .debug_ranges  0x000001a0       0xb0 contiki-micaz.a(packetbuf.o)
 .debug_ranges  0x00000250       0x18 contiki-micaz.a(contiki-micaz-m)
 .debug_ranges  0x00000268       0x10 contiki-micaz.a(init-net.o)
 .debug_ranges  0x00000278       0x18 contiki-micaz.a(node-id.o)
 .debug_ranges  0x00000290       0x40 contiki-micaz.a(clock.o)
 .debug_ranges  0x000002d0       0xc8 contiki-micaz.a(ds2401.o)
 .debug_ranges  0x00000398       0x18 contiki-micaz.a(eeprom.o)
 .debug_ranges  0x000003b0       0x48 contiki-micaz.a(leds.o)
 .debug_ranges  0x000003f8       0x20 contiki-micaz.a(rimeaddr.o)
 .debug_ranges  0x00000418       0x38 contiki-micaz.a(rime.o)
 .debug_ranges  0x00000450       0x60 contiki-micaz.a(announcement.o)
 .debug_ranges  0x000004b0       0x50 contiki-micaz.a(broadcast-annou)
 .debug_ranges  0x00000500       0x28 contiki-micaz.a(chameleon.o)
 .debug_ranges  0x00000528       0x88 contiki-micaz.a(chameleon-bitop)
 .debug_ranges  0x000005b0      0x100 contiki-micaz.a(cxmac.o)
 .debug_ranges  0x000006b0       0x10 contiki-micaz.a(mac.o)
 .debug_ranges  0x000006c0       0x18 contiki-micaz.a(framer-802154.o)
 .debug_ranges  0x000006d8       0x58 contiki-micaz.a(csma.o)
 .debug_ranges  0x00000730       0x70 contiki-micaz.a(process.o)
 .debug_ranges  0x000007a0       0x18 contiki-micaz.a(autostart.o)
 .debug_ranges  0x000007b8       0x30 contiki-micaz.a(compower.o)
 .debug_ranges  0x000007e8       0x28 contiki-micaz.a(memb.o)
 .debug_ranges  0x00000810       0x30 contiki-micaz.a(timer.o)
 .debug_ranges  0x00000840       0x40 contiki-micaz.a(ctimer.o)
 .debug_ranges  0x00000880       0x28 contiki-micaz.a(energest.o)
 .debug_ranges  0x000008a8       0x20 contiki-micaz.a(rtimer.o)
 .debug_ranges  0x000008c8       0x58 contiki-micaz.a(queuebuf.o)
 .debug_ranges  0x00000920       0x50 contiki-micaz.a(rs232.o)
 .debug_ranges  0x00000970       0x20 contiki-micaz.a(leds-arch.o)
 .debug_ranges  0x00000990      0x110 contiki-micaz.a(cc2420.o)
 .debug_ranges  0x00000aa0       0x18 contiki-micaz.a(cc2420-arch.o)
 .debug_ranges  0x00000ab8       0x20 contiki-micaz.a(rtimer-arch.o)
 .debug_ranges  0x00000ad8       0x30 contiki-micaz.a(watchdog.o)
 .debug_ranges  0x00000b08       0x28 contiki-micaz.a(frame802154.o)
 .debug_ranges  0x00000b30       0x10 contiki-micaz.a(spi.o)
